
# 
# ./run.sh [J
benchmark: gemm_blis_4x4 MC_4096_KC_32_NC_128
Connecting to 10.65.196.56:8000 (10.65.196.56:8000)
saving to 'gemm_blis_4x4'
'gemm_blis_4x4' saved
N,16,cycles,711862,instret,105774
N,32,cycles,720015,instret,175896
N,48,cycles,1650727,instret,486684
N,64,cycles,3053697,instret,995158
N,80,cycles,5573379,instret,1907743
N,96,cycles,9077859,instret,3125809
N,112,cycles,14481493,instret,4984150
N,128,cycles,21987475,instret,7247325
N,144,cycles,33397381,instret,10759786
N,160,cycles,46391628,instret,14371357
N,176,cycles,62072541,instret,19173814
N,192,cycles,82430265,instret,24623722
N,208,cycles,104706837,instret,31366356
N,224,cycles,132611878,instret,38770948
N,240,cycles,163279633,instret,47844198
N,256,cycles,200088000,instret,57526697
N,384,cycles,688194567,instret,192962804
N,512,cycles,1635293824,instret,456261897
N,1024,cycles,13095836274,instret,3633818277
^[[A    ^C
# ^C
# ./gen[Jm
# ./gemm_blis_[J4
# ./gemm_blis_4x4 [J256 256 256
N,256,cycles,199408689,instret,57305611
# 
# ./gemm_blis_4x4 256 256 256[J 256 256 256[J[12D 256 256 256[J[12D 256 256 256[J[12D8 256 256 256[12Dx 256 256 256[12D8 256 256 256[12D 256 256 256
N,256,cycles,162382495,instret,42052060
# 
# ./gemm_blis_8x8 256 256 256[J 256 256 256[J[12D 256 256 256[J[12D 256 256 256[J[12D1 256 256 256[12D6 256 256 256[12Dx 256 256 256[12D1 256 256 256[12D6 256 256 256[12D 256 256 256
N,256,cycles,134769088,instret,39477252
# 
# ./gemm_blis_16x16 256 256 256[J
# ./gemm_blis_8x8 256 256 256[J
# ./gemm_blis_4x4 256 256 256[J
# ./run.sh [J
benchmark: gemm_blis_4x4 MC_4096_KC_32_NC_128
Connecting to 10.65.196.56:8000 (10.65.196.56:8000)
saving to 'gemm_blis_4x4'
'gemm_blis_4x4' saved
inited
obj_created
gemm end
N,16,cycles,762145,instret,112199
inited
obj_created
gemm end
N,32,cycles,821865,instret,189116
inited
obj_created
gemm end
N,48,cycles,1879928,instret,520647
inited
obj_created
gemm end
N,64,cycles,3117612,instret,1002989
inited
obj_created
gemm end
N,80,cycles,5621931,instret,1910939
inited
obj_created
gemm end
N,96,cycles,9053275,instret,3127894
inited
obj_created
gemm end
N,112,cycles,14664512,instret,5012521
inited
obj_created
gemm end
N,128,cycles,22584297,instret,7428118
inited
obj_created
gemm end
N,144,cycles,32792510,instret,10581884
inited
obj_created
gemm end
N,160,cycles,45704510,instret,14178378
inited
obj_created
gemm end
N,176,cycles,62099122,instret,19167971
inited
obj_created
gemm end
N,192,cycles,81809915,instret,24433825
inited
obj_created
gemm end
N,208,cycles,105730361,instret,31602833
inited
obj_created
gemm end
N,224,cycles,132259705,instret,38604096
inited
obj_created
gemm end
N,240,cycles,163114736,instret,47826560
inited
obj_created
gemm end
N,256,cycles,199412264,instret,57344489
inited
obj_created
gemm end
N,384,cycles,689684589,instret,193205856
inited
obj_created
gemm end
N,512,cycles,1634904095,instret,456081867
inited
obj_created
^[[B^[[B^[[B^C
# ^C
# ^C
# 
# ./run.sh [J
# ./gemm_blis_16x16 256 256 256[J
# ./gemm_blis_8x8 256 256 256[J
# ./gemm_blis_4x4 256 256 256[J
# ./run.sh [J
# wget http://10.65.196.56:8000/FPGA/run_static.sh -O run.sh[J -O run.sh[J[10D -O run.sh[J[10D -O run.sh[J[10D -O run.sh[J[10D -O run.sh[J[10D -O run.sh[J[10D -O run.sh[J[10D -O run.sh[J[10D -O run.sh[J[10D -O run.sh[J[10D -O run.sh[J[10D -O run.sh[J[10D -O run.sh[J[10D -O run.sh[J[10D -O run.sh[J[10D -O run.sh[J[10D -O run.sh[J[10D -O run.sh[J[10Dc -O run.sh[10Dy -O run.sh[10Dc -O run.sh[10Dl -O run.sh[10De -O run.sh[10D_ -O run.sh[10Dt -O run.sh[10De -O run.sh[10Ds -O run.sh[10Dt -O run.sh[10D -O run.sh[J[J[J[J[J[Jcycle_test
Connecting to 10.65.196.56:8000 (10.65.196.56:8000)
saving to 'cycle_test'
'cycle_test' saved
# ./cy
# ./cycle_test [J
-/bin/sh: ./cycle_test: Permission denied
# chmod +x cycle
# chmod +x cycle_test [J
# 
# chmod +x cycle_test [J
# ./cycle_test [J
./cycle_test: /lib64/libc.so.6: version `GLIBC_2.34' not found (required by ./cycle_test)
# 
# ./cycle_test [J
# chmod +x cycle_test [J
# ./cycle_test [J
# wget http://10.65.196.56:8000/cycle_test -O cycle_test[J
Connecting to 10.65.196.56:8000 (10.65.196.56:8000)
saving to 'cycle_test'
'cycle_test' saved
# 
# wget http://10.65.196.56:8000/cycle_test -O cycle_test[J
# ./cycle_test [J
# chmod +x cycle_test [J
# 
# chmod +x cycle_test [J
# wget http://10.65.196.56:8000/cycle_test -O cycle_test[J
# ./cycle_test [J
Enter sleep time in seconds: 5
Sleep of 5 second(s) took 250211626 cycles
# 
# ./cycle_test [J
# chmod +x cycle_test [J
# wget http://10.65.196.56:8000/cycle_test -O cycle_test[J
# chmod +x cycle_test [J
# ./cycle_test [J20
Enter sleep time in seconds: 20
Sleep of 20 second(s) took 1000488197 cycles
# time
BusyBox v1.33.1 (2025-07-03 12:40:47 AEST) multi-call binary.

Usage: time [-vpa] [-o FILE] PROG ARGS

Run PROG, display resource usage when it exits

	-v	Verbose
	-p	POSIX output format
	-f FMT	Custom format
	-o FILE	Write result to FILE
	-a	Append (else overwrite)
# 
# time[J ./gem
# time ./gemm_blis_[J4x4
# time ./gemm_blis_4x4 [J2048 24[J048 2048
inited
obj_created
^CCommand terminated by signal 2
real	0m 5.41s
user	0m 4.35s
sys	0m 0.94s
# 
# time ./gemm_blis_4x4 2048 2048 2048[J8[J[J[J[J[J[J[J[J[J[J[J[J[J56 256 256 
inited
obj_created
gemm end
N,256,cycles,200469655,instret,57522444
real	0m 4.08s
user	0m 3.88s
sys	0m 0.10s
# 
# time ./gemm_blis_4x4 256 256 256 [J
# time ./gemm_blis_4x4 2048 2048 2048[J
inited
obj_created
gemm end
N,2048,cycles,104384817182,instret,29002458213
real	34m 48.16s
user	33m 58.41s
sys	0m 8.18s
# 
# ./[J[J
# time ./gemm_blis_4x4 2048 2048 2048[J
# time ./gemm_blis_4x4 256 256 256 [J
# time ./gemm_blis_4x4 2048 2048 2048[J
# time[J
# ./cycle_test 20[J
# ./cycle_test [J
# chmod +x cycle_test [J
# wget http://10.65.196.56:8000/cycle_test -O cycle_test[J
# ./cycle_test [J
# chmod +x cycle_test [J
# ./cycle_test [J
# wget http://10.65.196.56:8000/cycle_test -O cycle_test[J
# ./run.sh [J
# wget http://10.65.196.56:8000/cycle_test -O cycle_test[J
# ./run.sh [J
# ./gemm_blis_16x16 256 256 256[J
# ./gemm_blis_8x8 256 256 256[J
# ./gemm_blis_4x4 256 256 256[J
# ./run.sh [J
# wget http://10.65.196.56:8000/FPGA/run_static.sh -O run.sh[J
# ./run.sh [J
# wget http://10.65.196.56:8000/FPGA/run_static.sh -O run.sh[J
Connecting to 10.65.196.56:8000 (10.65.196.56:8000)
saving to 'run.sh'
'run.sh' saved
# ./run
# ./run[J.
# ./run.sh [J
benchmark: gemm_blis_4x4 MC_4096_KC_32_NC_128
Connecting to 10.65.196.56:8000 (10.65.196.56:8000)
saving to 'gemm_blis_4x4'
'gemm_blis_4x4' saved
inited
obj_created
gemm end
N,16,cycles,806299,instret,119369
inited
obj_created
gemm end
N,32,cycles,818963,instret,188690
inited
obj_created
gemm end
N,48,cycles,1763372,instret,503657
inited
obj_created
gemm end
N,64,cycles,3116760,instret,1003032
inited
obj_created
gemm end
N,80,cycles,5612674,instret,1910891
inited
obj_created
gemm end
N,96,cycles,10000407,instret,3347048
inited
obj_created
gemm end
N,112,cycles,14529576,instret,4991616
inited
obj_created
gemm end
N,128,cycles,22571614,instret,7430681
inited
obj_created
^C
# ^C
# 
# ./run.sh [J
# wget http://10.65.196.56:8000/FPGA/run_static.sh -O run.sh[J
# time ./gemm_blis_4x4 2048 2048 2048[J
# time ./gemm_blis_4x4 256 256 256 [J
# time ./gemm_blis_4x4 2048 2048 2048[J
# time[J
# ./cycle_test 20[J
# ./cycle_test [J
# ./cycle_test 20[J
# time[J
# time ./gemm_blis_4x4 2048 2048 2048[J
# time ./gemm_blis_4x4 256 256 256 [J
# time ./gemm_blis_4x4 2048 2048 2048[J
# wget http://10.65.196.56:8000/FPGA/run_static.sh -O run.sh[J
# ./run.sh [J
# [J
# wget http://10.65.196.56:8000/FPGA/run_static.sh -O run.sh 
Connecting to 10.65.196.56:8000 (10.65.196.56:8000)
saving to 'run.sh'
'run.sh' saved
# ./run.sh
benchmark: gemm_blis_4x4 MC_4096_KC_32_NC_128
Connecting to 10.65.196.56:8000 (10.65.196.56:8000)
saving to 'gemm_blis_4x4'
'gemm_blis_4x4' saved
inited
obj_created
gemm end
N,16,cycles,818997,instret,121365
inited
obj_created
gemm end
N,32,cycles,777829,instret,181922
inited
obj_created
gemm end
N,48,cycles,1753814,instret,499695
inited
obj_created
gemm end
N,64,cycles,3306987,instret,1028914
inited
obj_created
gemm end
N,80,cycles,5628853,instret,1910762
inited
obj_created
gemm end
N,96,cycles,10105877,instret,3356843
inited
obj_created
gemm end
N,112,cycles,14399212,instret,4976108
inited
obj_created
gemm end
N,128,cycles,21860770,instret,7238172
^C
# Hello World!
init SPI
status: 0x0000000000000025
status: 0x0000000000000025
SPI initialized!
initializing SD... 
SD command cmd0 	response : 01
SD command cmd55 	response : 01
SD command cmd41 	response : 01
SD command cmd55 	response : 01
SD command cmd41 	response : 01
SD command cmd55 	response : 01
SD command cmd41 	response : 01
SD command cmd55 	response : 01
SD command cmd41 	response : 01
SD command cmd55 	response : 01
SD command cmd41 	response : 01
SD command cmd55 	response : 01
SD command cmd41 	response : 01
SD command cmd55 	response : 01
SD command cmd41 	response : 01
SD command cmd55 	response : 01
SD command cmd41 	response : 00
sd initialized!
gpt partition table header:
	signature:	5452415020494645
	revision:	00010000
	size:		0000005C
	crc_header:	EC111C28
	reserved:	00000000
	current lba:	0000000000000001
	backup lda:	0000000001D21FFF
	partition entries lba:   	0000000000000002
	number partition entries:	00000080
	size partition entries:  	00000080
gpt partition entry 00
	partition type guid:	D5F7127456A1134B81DC867174929325
	partition guid:     	6465E26DB4FD1E44B5A7D326A95B2522
	first lba:	0000000000000800
	last lba:	0000000000001AFD
	attributes:	0000000000000000
	name:	000000000000000000000000000000000000000000000000000000000000000000000000000000000000000000000000000000000000000000000000000000000000000000000000
gpt partition entry 01
	partition type guid:	AF3DC60F838472478E793D69D8477DE4
	partition guid:     	119BCF46D02F1345888F1C60CB9E39EF
	first lba:	0000000000100000
	last lba:	0000000001D21FDE
	attributes:	0000000000000000
	name:	000000000000000000000000000000000000000000000000000000000000000000000000000000000000000000000000000000000000000000000000000000000000000000000000
gpt partition entry 02
	partition type guid:	00000000000000000000000000000000
	partition guid:     	00000000000000000000000000000000
	first lba:	0000000000000000
	last lba:	0000000000000000
	attributes:	0000000000000000
	name:	000000000000000000000000000000000000000000000000000000000000000000000000000000000000000000000000000000000000000000000000000000000000000000000000
gpt partition entry 03
	partition type guid:	00000000000000000000000000000000
	partition guid:     	00000000000000000000000000000000
	first lba:	0000000000000000
	last lba:	0000000000000000
	attributes:	0000000000000000
	name:	000000000000000000000000000000000000000000000000000000000000000000000000000000000000000000000000000000000000000000000000000000000000000000000000
copying boot image .... done!

OpenSBI v0.9
   ____                    _____ ____ _____
  / __ \                  / ____|  _ \_   _|
 | |  | |_ __   ___ _ __ | (___ | |_) || |
 | |  | | '_ \ / _ \ '_ \ \___ \|  _ < | |
 | |__| | |_) |  __/ | | |____) | |_) || |_
  \____/| .__/ \___|_| |_|_____/|____/_____|
        | |
        |_|

Platform Name             : ARIANE RISC-V
Platform Features         : medeleg
Platform HART Count       : 1
Platform IPI Device       : aclint-mswi
Platform Timer Device     : aclint-mtimer @ 1000000Hz
Platform Console Device   : uart8250
Platform HSM Device       : ---
Platform Reboot Device    : ---
Platform Shutdown Device  : ---
Firmware Base             : 0x80000000
Firmware Size             : 220 KB
Runtime SBI Version       : 0.3

Domain0 Name              : root
Domain0 Boot HART         : 0
Domain0 HARTs             : 0*
Domain0 Region00          : 0x0000000002008000-0x000000000200bfff (I)
Domain0 Region01          : 0x0000000002000000-0x0000000002007fff (I)
Domain0 Region02          : 0x0000000080000000-0x000000008003ffff ()
Domain0 Region03          : 0x0000000000000000-0xffffffffffffffff (R,W,X)
Domain0 Next Address      : 0x0000000080200000
Domain0 Next Arg1         : 0x0000000082200000
Domain0 Next Mode         : S-mode
Domain0 SysReset          : yes

Boot HART ID              : 0
Boot HART Domain          : root
Boot HART ISA             : rv64imafdcbsu
Boot HART Features        : scounteren,mcounteren,mcountinhibit
Boot HART PMP Count       : 16
Boot HART PMP Granularity : 4
Boot HART PMP Address Bits: 54
Boot HART MHPM Count      : 6
Boot HART MIDELEG         : 0x0000000000000222
Boot HART MEDELEG         : 0x000000000000b109


U-Boot 2021.07-rc4-g920075ecfa (Jul 08 2025 - 13:27:26 +1000)

CPU:   rv64imafdc
DRAM:  1 GiB
MMC:   xps-spi@20000000:mmc@0: 0
Loading Environment from nowhere... OK
In:    uart@10000000
Out:   uart@10000000
Err:   uart@10000000
Net:   No ethernet found.
Hit any key to stop autoboot:  5  4  3  2  1  0 
Device: xps-spi@20000000:mmc@0
Manufacturer ID: 9f
OEM: 5449
Name: SD16G 
Bus Speed: 12500000
Mode: MMC legacy
Rd Block Len: 512
SD version 2.0
High Capacity: Yes
Capacity: 14.6 GiB
Bus Width: 1-bit

MMC read: dev # 0, block # 1048576, count 20480 ... 20480 blocks read: OK
## Booting kernel from Legacy Image at 90000000 ...
   Image Name:   CV64A6Linux
   Image Type:   RISC-V Linux Kernel Image (gzip compressed)
   Data Size:    10005735 Bytes = 9.5 MiB
   Load Address: 80200000
   Entry Point:  80200000
   Verifying Checksum ... OK
## Flattened Device Tree blob at bffe08d0
   Booting using the fdt blob at 0xbffe08d0
   Uncompressing Kernel Image
   Using Device Tree in place at 00000000bffe08d0, end 00000000bffe551f

Starting kernel ...

[    0.000000] Linux version 5.10.7 (heshds@WJBC1CY3) (riscv64-buildroot-linux-gnu-gcc.br_real (Buildroot 2021.08) 10.3.0, GNU ld (GNU Binutils) 2.36.1) #7 SMP Wed Jul 9 19:46:27 AEST 2025
[    0.000000] OF: fdt: Ignoring memory range 0x80000000 - 0x80200000
[    0.000000] efi: UEFI not found.
[    0.000000] Zone ranges:
[    0.000000]   DMA32    [mem 0x0000000080200000-0x00000000bfffffff]
[    0.000000]   Normal   empty
[    0.000000] Movable zone start for each node
[    0.000000] Early memory node ranges
[    0.000000]   node   0: [mem 0x0000000080200000-0x00000000bfffffff]
[    0.000000] Initmem setup node 0 [mem 0x0000000080200000-0x00000000bfffffff]
[    0.000000] software IO TLB: mapped [mem 0x00000000bb1e0000-0x00000000bf1e0000] (64MB)
[    0.000000] SBI specification v0.3 detected
[    0.000000] SBI implementation ID=0x1 Version=0x9
[    0.000000] SBI v0.2 TIME extension detected
[    0.000000] SBI v0.2 IPI extension detected
[    0.000000] SBI v0.2 RFENCE extension detected
[    0.000000] SBI v0.2 HSM extension detected
[    0.000000] riscv: ISA extensions acdfim
[    0.000000] riscv: ELF capabilities acdfim
[    0.000000] percpu: Embedded 16 pages/cpu s25048 r8192 d32296 u65536
[    0.000000] Built 1 zonelists, mobility grouping on.  Total pages: 258055
[    0.000000] Kernel command line: earlyprintk
[    0.000000] Darkloard is Here
[    0.000000] Dentry cache hash table entries: 131072 (order: 8, 1048576 bytes, linear)
[    0.000000] Inode-cache hash table entries: 65536 (order: 7, 524288 bytes, linear)
[    0.000000] Sorting __ex_table...
[    0.000000] mem auto-init: stack:off, heap alloc:off, heap free:off
[    0.000000] Memory: 945172K/1046528K available (4544K kernel code, 4216K rwdata, 2048K rodata, 184K init, 328K bss, 101356K reserved, 0K cma-reserved)
[    0.000000] SLUB: HWalign=64, Order=0-3, MinObjects=0, CPUs=1, Nodes=1
[    0.000000] rcu: Hierarchical RCU implementation.
[    0.000000] rcu: 	RCU event tracing is enabled.
[    0.000000] rcu: 	RCU restricting CPUs from NR_CPUS=8 to nr_cpu_ids=1.
[    0.000000] rcu: RCU calculated value of scheduler-enlistment delay is 10 jiffies.
[    0.000000] rcu: Adjusting geometry for rcu_fanout_leaf=16, nr_cpu_ids=1
[    0.000000] NR_IRQS: 64, nr_irqs: 64, preallocated irqs: 0
[    0.000000] riscv-intc: 64 local interrupts mapped
[    0.000000] plic: interrupt-controller@c000000: mapped 30 interrupts with 1 handlers for 2 contexts.
[    0.000000] random: get_random_bytes called from start_kernel+0x2b2/0x420 with crng_init=0
[    0.000000] riscv_timer_init_dt: Registering clocksource cpuid [0] hartid [0]
[    0.000000] clocksource: riscv_clocksource: mask: 0xffffffffffffffff max_cycles: 0x5c40939b5, max_idle_ns: 440795202646 ns
[    0.000292] sched_clock: 64 bits at 25MHz, resolution 40ns, wraps every 4398046511100ns
[    0.261737] printk: console [hvc0] enabled
[    0.266967] Calibrating delay loop (skipped), value calculated using timer frequency.. 50.00 BogoMIPS (lpj=250000)
[    0.277606] pid_max: default: 32768 minimum: 301
[    0.287504] Mount-cache hash table entries: 2048 (order: 2, 16384 bytes, linear)
[    0.295741] Mountpoint-cache hash table entries: 2048 (order: 2, 16384 bytes, linear)
[    0.357840] rcu: Hierarchical SRCU implementation.
[    0.370519] EFI services will not be available.
[    0.379185] smp: Bringing up secondary CPUs ...
[    0.383132] smp: Brought up 1 node, 1 CPU
[    0.400264] devtmpfs: initialized
[    0.443208] clocksource: jiffies: mask: 0xffffffff max_cycles: 0xffffffff, max_idle_ns: 19112604462750000 ns
[    0.453523] futex hash table entries: 256 (order: 2, 16384 bytes, linear)
[    0.472479] NET: Registered protocol family 16
[    0.918078] usbcore: registered new interface driver usbfs
[    0.925843] usbcore: registered new interface driver hub
[    0.932041] usbcore: registered new device driver usb
[    0.965840] clocksource: Switched to clocksource riscv_clocksource
[    1.017730] NET: Registered protocol family 2
[    1.040723] tcp_listen_portaddr_hash hash table entries: 512 (order: 1, 8192 bytes, linear)
[    1.050343] TCP established hash table entries: 8192 (order: 4, 65536 bytes, linear)
[    1.061086] TCP bind hash table entries: 8192 (order: 5, 131072 bytes, linear)
[    1.073775] TCP: Hash tables configured (established 8192 bind 8192)
[    1.087878] UDP hash table entries: 512 (order: 2, 16384 bytes, linear)
[    1.095568] UDP-Lite hash table entries: 512 (order: 2, 16384 bytes, linear)
[    1.107489] NET: Registered protocol family 1
[    1.138619] RPC: Registered named UNIX socket transport module.
[    1.143997] RPC: Registered udp transport module.
[    1.149742] RPC: Registered tcp transport module.
[    1.153819] RPC: Registered tcp NFSv4.1 backchannel transport module.
[   13.645995] workingset: timestamp_bits=62 max_order=18 bucket_order=0
[   13.982572] NFS: Registering the id_resolver key type
[   13.988179] Key type id_resolver registered
[   13.991665] Key type id_legacy registered
[   14.000553] nfs4filelayout_init: NFSv4 File Layout Driver Registering...
[   16.260825] io scheduler mq-deadline registered
[   16.265827] io scheduler kyber registered
[   18.198238] Serial: 8250/16550 driver, 4 ports, IRQ sharing disabled
[   18.251442] 10000000.uart: ttyS0 at MMIO 0x10000000 (irq = 1, base_baud = 3125000) is a TI16750
[    0.000000] Linux version 5.10.7 (heshds@WJBC1CY3) (riscv64-buildroot-linux-gnu-gcc.br_real (Buildroot 2021.08) 10.3.0, GNU ld (GNU Binutils) 2.36.1) #7 SMP Wed Jul 9 19:46:27 AEST 2025
[    0.000000] OF: fdt: Ignoring memory range 0x80000000 - 0x80200000
[    0.000000] efi: UEFI not found.
[    0.000000] Zone ranges:
[    0.000000]   DMA32    [mem 0x0000000080200000-0x00000000bfffffff]
[    0.000000]   Normal   empty
[    0.000000] Movable zone start for each node
[    0.000000] Early memory node ranges
[    0.000000]   node   0: [mem 0x0000000080200000-0x00000000bfffffff]
[    0.000000] Initmem setup node 0 [mem 0x0000000080200000-0x00000000bfffffff]
[    0.000000] software IO TLB: mapped [mem 0x00000000bb1e0000-0x00000000bf1e0000] (64MB)
[    0.000000] SBI specification v0.3 detected
[    0.000000] SBI implementation ID=0x1 Version=0x9
[    0.000000] SBI v0.2 TIME extension detected
[    0.000000] SBI v0.2 IPI extension detected
[    0.000000] SBI v0.2 RFENCE extension detected
[    0.000000] SBI v0.2 HSM extension detected
[    0.000000] riscv: ISA extensions acdfim
[    0.000000] riscv: ELF capabilities acdfim
[    0.000000] percpu: Embedded 16 pages/cpu s25048 r8192 d32296 u65536
[    0.000000] Built 1 zonelists, mobility grouping on.  Total pages: 258055
[    0.000000] Kernel command line: earlyprintk
[    0.000000] Darkloard is Here
[    0.000000] Dentry cache hash table entries: 131072 (order: 8, 1048576 bytes, linear)
[    0.000000] Inode-cache hash table entries: 65536 (order: 7, 524288 bytes, linear)
[    0.000000] Sorting __ex_table...
[    0.000000] mem auto-init: stack:off, heap alloc:off, heap free:off
[    0.000000] Memory: 945172K/1046528K available (4544K kernel code, 4216K rwdata, 2048K rodata, 184K init, 328K bss, 101356K reserved, 0K cma-reserved)
[    0.000000] SLUB: HWalign=64, Order=0-3, MinObjects=0, CPUs=1, Nodes=1
[    0.000000] rcu: Hierarchical RCU implementation.
[    0.000000] rcu: 	RCU event tracing is enabled.
[    0.000000] rcu: 	RCU restricting CPUs from NR_CPUS=8 to nr_cpu_ids=1.
[    0.000000] rcu: RCU calculated value of scheduler-enlistment delay is 10 jiffies.
[    0.000000] rcu: Adjusting geometry for rcu_fanout_leaf=16, nr_cpu_ids=1
[    0.000000] NR_IRQS: 64, nr_irqs: 64, preallocated irqs: 0
[    0.000000] riscv-intc: 64 local interrupts mapped
[    0.000000] plic: interrupt-controller@c000000: mapped 30 interrupts with 1 handlers for 2 contexts.
[    0.000000] random: get_random_bytes called from start_kernel+0x2b2/0x420 with crng_init=0
[    0.000000] riscv_timer_init_dt: Registering clocksource cpuid [0] hartid [0]
[    0.000000] clocksource: riscv_clocksource: mask: 0xffffffffffffffff max_cycles: 0x5c40939b5, max_idle_ns: 440795202646 ns
[    0.000292] sched_clock: 64 bits at 25MHz, resolution 40ns, wraps every 4398046511100ns
[    0.261737] printk: console [hvc0] enabled
[    0.266967] Calibrating delay loop (skipped), value calculated using timer frequency.. 50.00 BogoMIPS (lpj=250000)
[    0.277606] pid_max: default: 32768 minimum: 301
[    0.287504] Mount-cache hash table entries: 2048 (order: 2, 16384 bytes, linear)
[    0.295741] Mountpoint-cache hash table entries: 2048 (order: 2, 16384 bytes, linear)
[    0.357840] rcu: Hierarchical SRCU implementation.
[    0.370519] EFI services will not be available.
[    0.379185] smp: Bringing up secondary CPUs ...
[    0.383132] smp: Brought up 1 node, 1 CPU
[    0.400264] devtmpfs: initialized
[    0.443208] clocksource: jiffies: mask: 0xffffffff max_cycles: 0xffffffff, max_idle_ns: 19112604462750000 ns
[    0.453523] futex hash table entries: 256 (order: 2, 16384 bytes, linear)
[    0.472479] NET: Registered protocol family 16
[    0.918078] usbcore: registered new interface driver usbfs
[    0.925843] usbcore: registered new interface driver hub
[    0.932041] usbcore: registered new device driver usb
[    0.965840] clocksource: Switched to clocksource riscv_clocksource
[    1.017730] NET: Registered protocol family 2
[    1.040723] tcp_listen_portaddr_hash hash table entries: 512 (order: 1, 8192 bytes, linear)
[    1.050343] TCP established hash table entries: 8192 (order: 4, 65536 bytes, linear)
[    1.061086] TCP bind hash table entries: 8192 (order: 5, 131072 bytes, linear)
[    1.073775] TCP: Hash tables configured (established 8192 bind 8192)
[    1.087878] UDP hash table entries: 512 (order: 2, 16384 bytes, linear)
[    1.095568] UDP-Lite hash table entries: 512 (order: 2, 16384 bytes, linear)
[    1.107489] NET: Registered protocol family 1
[    1.138619] RPC: Registered named UNIX socket transport module.
[    1.143997] RPC: Registered udp transport module.
[    1.149742] RPC: Registered tcp transport module.
[    1.153819] RPC: Registered tcp NFSv4.1 backchannel transport module.
[   13.645995] workingset: timestamp_bits=62 max_order=18 bucket_order=0
[   13.982572] NFS: Registering the id_resolver key type
[   13.988179] Key type id_resolver registered
[   13.991665] Key type id_legacy registered
[   14.000553] nfs4filelayout_init: NFSv4 File Layout Driver Registering...
[   16.260825] io scheduler mq-deadline registered
[   16.265827] io scheduler kyber registered
[   18.198238] Serial: 8250/16550 driver, 4 ports, IRQ sharing disabled
[   18.251442] 10000000.uart: ttyS0 at MMIO 0x10000000 (irq = 1, base_baud = 3125000) is a TI16750
[   18.793523] printk: console [ttyS0] enabled
[   18.793523] printk: console [ttyS0] enabled
[   18.840867] xilinx_spi 20000000.xps-spi: at [mem 0x20000000-0x20000fff], irq=10
[   18.840867] xilinx_spi 20000000.xps-spi: at [mem 0x20000000-0x20000fff], irq=10
[   18.875862] libphy: Fixed MDIO Bus: probed
[   18.875862] libphy: Fixed MDIO Bus: probed
[   18.906514] lowrisc-digilent-ethernet: Lowrisc ethernet platform (30000000-30007FFF) mapped to ffffffd004028000
[   18.906514] lowrisc-digilent-ethernet: Lowrisc ethernet platform (30000000-30007FFF) mapped to ffffffd004028000
[   18.993298] libphy: GPIO Bitbanged LowRISC: probed
[   18.993298] libphy: GPIO Bitbanged LowRISC: probed
[   19.001321] Probing lowrisc-0:01 (address 1)
[   19.001321] Probing lowrisc-0:01 (address 1)
[   19.034402] RTL8211E Gigabit Ethernet lowrisc-0:01: attached PHY driver [RTL8211E Gigabit Ethernet] (mii_bus:phy_addr=lowrisc-0:01, irq=POLL)
[   19.034402] RTL8211E Gigabit Ethernet lowrisc-0:01: attached PHY driver [RTL8211E Gigabit Ethernet] (mii_bus:phy_addr=lowrisc-0:01, irq=POLL)
[   19.072580] lowrisc-eth 30000000.lowrisc-eth: Lowrisc Ether100MHz registered
[   19.072580] lowrisc-eth 30000000.lowrisc-eth: Lowrisc Ether100MHz registered
[   19.088633] ehci_hcd: USB 2.0 'Enhanced' Host Controller (EHCI) Driver
[   19.088633] ehci_hcd: USB 2.0 'Enhanced' Host Controller (EHCI) Driver
[   19.147901] mmc_spi spi0.0: SD/MMC host mmc0, no WP, no poweroff, cd polling
[   19.147901] mmc_spi spi0.0: SD/MMC host mmc0, no WP, no poweroff, cd polling
[   19.168519] usbcore: registered new interface driver usbhid
[   19.168519] usbcore: registered new interface driver usbhid
[   19.177578] usbhid: USB HID core driver
[   19.177578] usbhid: USB HID core driver
[   19.217708] NET: Registered protocol family 10
[   19.217708] NET: Registered protocol family 10
[   19.275972] Segment Routing with IPv6
[   19.275972] Segment Routing with IPv6
[   19.283890] sit: IPv6, IPv4 and MPLS over IPv4 tunneling driver
[   19.283890] sit: IPv6, IPv4 and MPLS over IPv4 tunneling driver
[   19.314445] NET: Registered protocol family 17
[   19.314445] NET: Registered protocol family 17
[   19.340095] Key type dns_resolver registered
[   19.340095] Key type dns_resolver registered
[   19.386494] Freeing unused kernel memory: 184K
[   19.386494] Freeing unused kernel memory: 184K
[   19.395711] Run /init as init process
[   19.395711] Run /init as init process
[   19.447322] mmc0: host does not support reading read-only switch, assuming write-enable
[   19.447322] mmc0: host does not support reading read-only switch, assuming write-enable
[   19.459985] mmc0: new SDHC card on SPI
[   19.459985] mmc0: new SDHC card on SPI
[   19.538461] mmcblk0: mmc0:0000 SD16G 14.6 GiB 
[   19.538461] mmcblk0: mmc0:0000 SD16G 14.6 GiB 
[   20.178971]  mmcblk0: p1 p2
[   20.178971]  mmcblk0: p1 p2
Starting syslogd: OK
Starting klogd: OK
Running sysctl: OK
Saving random seed: [   25.602507] random: dd: uninitialized urandom read (512 bytes read)
[   25.602507] random: dd: uninitialized urandom read (512 bytes read)
OK
Starting rpcbind: OK
[   32.957073] random: crng init done
[   32.957073] random: crng init done
Starting sshd: OK
NFS preparation skipped, OK
# 